.next/dev/types/validator.ts(42,39): error TS2307: Cannot find module '../../../src/app/contato/page.js' or its corresponding type declarations.
.next/dev/types/validator.ts(51,39): error TS2307: Cannot find module '../../../src/app/envio/page.js' or its corresponding type declarations.
.next/dev/types/validator.ts(60,39): error TS2307: Cannot find module '../../../src/app/faq/page.js' or its corresponding type declarations.
.next/dev/types/validator.ts(69,39): error TS2307: Cannot find module '../../../src/app/page.js' or its corresponding type declarations.
.next/dev/types/validator.ts(78,39): error TS2307: Cannot find module '../../../src/app/privacidade/page.js' or its corresponding type declarations.
.next/dev/types/validator.ts(87,39): error TS2307: Cannot find module '../../../src/app/produtos/[id]/page.js' or its corresponding type declarations.
.next/dev/types/validator.ts(96,39): error TS2307: Cannot find module '../../../src/app/produtos/page.js' or its corresponding type declarations.
.next/dev/types/validator.ts(105,39): error TS2307: Cannot find module '../../../src/app/rastreio/page.js' or its corresponding type declarations.
.next/dev/types/validator.ts(114,39): error TS2307: Cannot find module '../../../src/app/sobre/page.js' or its corresponding type declarations.
.next/dev/types/validator.ts(123,39): error TS2307: Cannot find module '../../../src/app/termos/page.js' or its corresponding type declarations.
.next/dev/types/validator.ts(132,39): error TS2307: Cannot find module '../../../src/app/trocas/page.js' or its corresponding type declarations.
.next/types/validator.ts(157,31): error TS2344: Type 'typeof import("C:/Users/caeta/OneDrive/Desktop/asd/src/app/[locale]/layout")' does not satisfy the constraint 'LayoutConfig<"/[locale]">'.
  Types of property 'default' are incompatible.
    Type '({ children, params, }: { children: ReactNode; params: { locale: string; }; }) => Promise<Element>' is not assignable to type 'ComponentType<LayoutProps<"/[locale]">> | ((props: LayoutProps<"/[locale]">) => void | ReactNode | Promise<ReactNode> | Promise<...>)'.
      Type '({ children, params, }: { children: ReactNode; params: { locale: string; }; }) => Promise<Element>' is not assignable to type 'FunctionComponent<LayoutProps<"/[locale]">>'.
        Types of parameters '__0' and 'props' are incompatible.
          Type 'LayoutProps<"/[locale]">' is not assignable to type '{ children: ReactNode; params: { locale: string; }; }'.
            Types of property 'params' are incompatible.
              Property 'locale' is missing in type 'Promise<{ locale: string; }>' but required in type '{ locale: string; }'.
src/app/[locale]/checkout/page.tsx(15,26): error TS2307: Cannot find module '@/components/ui/use-toast' or its corresponding type declarations.
src/app/[locale]/checkout/page.tsx(132,50): error TS2304: Cannot find name 'Badge'.
src/app/[locale]/checkout/page.tsx(132,137): error TS2304: Cannot find name 'Badge'.
src/app/[locale]/page.tsx(34,35): error TS7053: Element implicitly has an 'any' type because expression of type '"Headphones" | "Watch" | "Shirt" | "HomeIcon" | "Gamepad2" | "Camera" | "Infinity" | "AArrowDown" | "AArrowDownIcon" | "AArrowUp" | "AArrowUpIcon" | "ALargeSmall" | "ALargeSmallIcon" | ... 5668 more ... | "icons"' can't be used to index type '{ Headphones: ForwardRefExoticComponent<Omit<LucideProps, "ref"> & RefAttributes<SVGSVGElement>>; ... 4 more ...; Camera: ForwardRefExoticComponent<...>; }'.
  Property 'Infinity' does not exist on type '{ Headphones: ForwardRefExoticComponent<Omit<LucideProps, "ref"> & RefAttributes<SVGSVGElement>>; ... 4 more ...; Camera: ForwardRefExoticComponent<...>; }'.
src/i18n.ts(7,33): error TS2345: Argument of type '({ locale }: GetRequestConfigParams) => Promise<{ messages: any; }>' is not assignable to parameter of type '(params: GetRequestConfigParams) => RequestConfig | Promise<RequestConfig>'.
  Type 'Promise<{ messages: any; }>' is not assignable to type 'RequestConfig | Promise<RequestConfig>'.
    Type 'Promise<{ messages: any; }>' is not assignable to type 'Promise<RequestConfig>'.
      Type '{ messages: any; }' is not assignable to type 'RequestConfig'.
        Property 'locale' is missing in type '{ messages: any; }' but required in type '{ locale: string; }'.
